=== Original CMake Release DEBUG3 ===
foundTurn: 0, 1
turn  sp                equip   aAct              eAct1             eAct2             aD    eD1   eD2   ahp   ehp   amp   ini   
-----------------------------------------------------------------------------------------------------------------------------
1     Buff                      Buff              Attack            Stamp             0     0     8     139   1054  -1    yes   
2     Psyche up         sude    Psyche up         Stamp             Magic Barrier     0     6     0     131   1054  82    yes   
3     Psyche up                 Psyche up         earthquake        Stamp             0     17    8     125   1054  82    yes   
4     Psyche up         on      Psyche up         Attack            Psyche up         0     3     0     100   1054  82    yes   
5     Psyche up         sude    Psyche up         Attack            Psyche up         0     0     0     97    1054  82    yes   
6     !Double up                !Double up        Stamp             Attack            0     18    11    97    1054  82    yes   
7     Multithrust       on      Multithrust                                           1182  0     0     97    1054  82    yes   

ver: v8.0.6_vK_v2, atk: 209, def: 148, seed: 0xc5a8c4e
actions: 30, 65598, 65598, 62, 65598, 65569, 34, 
Searcher multi: Turn Consumed: 133665 (13.3665 mann), elapsed time: 1094.84 ms, Performance: 12.21 mann turns/s


=== Original fresh trace replay ===
TRACE seed=0xc5a8c4e position=315 hp=68,0 mp=78,255 atk=313,120 def=148,125 buff=0:6,0:-13 barrier=0:-1,0:-3
TRACE record[0] turn=0 action=30 damage=0 enemy=0 ahp=139 ehp=1054 amp=82 state=0x1000
TRACE record[1] turn=0 action=1 damage=0 enemy=1 ahp=139 ehp=1054 amp=82 state=0x1000
TRACE record[2] turn=0 action=85 damage=8 enemy=1 ahp=139 ehp=1054 amp=82 state=0x1000
TRACE record[3] turn=1 action=196670 damage=0 enemy=0 ahp=131 ehp=1054 amp=82 state=0x2000
TRACE record[4] turn=1 action=85 damage=6 enemy=1 ahp=131 ehp=1054 amp=82 state=0x2000
TRACE record[5] turn=1 action=83 damage=0 enemy=1 ahp=131 ehp=1054 amp=82 state=0x2000
TRACE record[6] turn=2 action=62 damage=0 enemy=0 ahp=125 ehp=1054 amp=82 state=0x3000
TRACE record[7] turn=2 action=86 damage=17 enemy=1 ahp=125 ehp=1054 amp=82 state=0x3000
TRACE record[8] turn=2 action=85 damage=8 enemy=1 ahp=125 ehp=1054 amp=82 state=0x3000
TRACE record[9] turn=3 action=131134 damage=0 enemy=0 ahp=100 ehp=1054 amp=82 state=0x4000
TRACE record[10] turn=3 action=1 damage=3 enemy=1 ahp=100 ehp=1054 amp=82 state=0x4000
TRACE record[11] turn=3 action=39 damage=0 enemy=1 ahp=100 ehp=1054 amp=82 state=0x4000
TRACE record[12] turn=4 action=196670 damage=0 enemy=0 ahp=97 ehp=1054 amp=82 state=0x5000
TRACE record[13] turn=4 action=1 damage=0 enemy=1 ahp=97 ehp=1054 amp=82 state=0x5000
TRACE record[14] turn=4 action=39 damage=0 enemy=1 ahp=97 ehp=1054 amp=82 state=0x5000
TRACE record[15] turn=5 action=33 damage=0 enemy=0 ahp=97 ehp=1054 amp=82 state=0x6000
TRACE record[16] turn=5 action=85 damage=18 enemy=1 ahp=97 ehp=1054 amp=82 state=0x6000
TRACE record[17] turn=5 action=1 damage=11 enemy=1 ahp=97 ehp=1054 amp=82 state=0x6000
TRACE record[18] turn=6 action=131106 damage=1182 enemy=0 ahp=68 ehp=1054 amp=78 state=0x7000

=== Selected CMake Release DEBUG3 ===
SEARCH variant=beam-and-bounded-dfs victory=1 input_valid=1 enemy_hp=0 prefix=1 result_position=19 equipment_changes=0 turns=7 rng_position=323 elapsed_ms=232.277 transitions=511477 replays=2 replay_mismatches=0
foundTurn: 1, 1
turn  sp                equip   aAct              eAct1             eAct2             aD    eD1   eD2   ahp   ehp   amp   ini   
-----------------------------------------------------------------------------------------------------------------------------
2     Psyche up                 Psyche up         Stamp             Magic Barrier     0     1     0     131   1054  82    yes   
3     Psyche up                 Psyche up         Magic Barrier     Stamp             0     0     3     130   1054  82    yes   
4     Psyche up                 Psyche up         Psyche up         Stamp             0     0     7     127   1054  82    yes   
5     !Double up                !Double up        Stamp             Attack            0     27    24    120   1054  82    yes   
6     Psyche up                 Psyche up         Attack            Stamp             0     12    14    69    1054  82    yes   
7     Multithrust               Multithrust                                           1122  0     0     69    1054  82    yes   

ver: v8.0.6_vK_v2, atk: 209, def: 148, seed: 0xc5a8c4e
actions: 30, 62, 62, 62, 33, 62, 34, 
Searcher multi: Turn Consumed: 511477 (51.1477 mann), elapsed time: 232.821 ms, Performance: 219.69 mann turns/s


=== Selected other inputs ===
SEARCH variant=beam-and-bounded-dfs victory=1 input_valid=1 enemy_hp=0 prefix=1 result_position=16 equipment_changes=0 turns=6 rng_position=282 elapsed_ms=50.2388 transitions=37615 replays=2 replay_mismatches=0
foundTurn: 1, 1
turn  sp                equip   aAct              eAct1             eAct2             aD    eD1   eD2   ahp   ehp   amp   ini   
-----------------------------------------------------------------------------------------------------------------------------
2     Psyche up                 Psyche up         Magic Barrier     Psyche up         0     0     0     116   1054  82    yes   
3     Psyche up                 Psyche up         Attack            Stamp             0     8     1     116   1054  82    yes   
4     !Double up                !Double up        Stamp             Attack            0     0     22    107   1054  82    yes   
5     Psyche up                 Psyche up         Magic Barrier     Attack            0     0     21    85    1054  82    yes   
6     Multithrust               Multithrust                                           1060  0     0     85    1054  82    yes   

ver: v8.0.6_vK_v2, atk: 209, def: 148, seed: 0x307077
actions: 30, 62, 62, 33, 62, 34, 
Searcher multi: Turn Consumed: 37615 (3.7615 mann), elapsed time: 50.287 ms, Performance: 74.80 mann turns/s
SEARCH variant=beam-and-bounded-dfs victory=1 input_valid=1 enemy_hp=0 prefix=1 result_position=16 equipment_changes=2 turns=6 rng_position=267 elapsed_ms=53.2378 transitions=40761 replays=1 replay_mismatches=0
foundTurn: 1, 1
turn  sp                equip   aAct              eAct1             eAct2             aD    eD1   eD2   ahp   ehp   amp   ini   
-----------------------------------------------------------------------------------------------------------------------------
2     Psyche up         sude    Psyche up         Stamp             Psyche up         0     6     0     130   1054  82    yes   
3     Psyche up                 Psyche up         Stamp             Magic Barrier     0     10    0     124   1054  82    yes   
4     Psyche up                 Psyche up         Stamp             Attack            0     5     2     114   1054  82    yes   
5     !Double up                !Double up        Magic Barrier     Psyche up         0     0     0     107   1054  82    yes   
6     Multithrust       on      Multithrust                                           1060  0     0     107   1054  82    yes   

ver: v8.0.6_vK_v2, atk: 209, def: 148, seed: 0x315e07
actions: 30, 65598, 65598, 65598, 65569, 34, 
Searcher multi: Turn Consumed: 40761 (4.0761 mann), elapsed time: 53.296 ms, Performance: 76.48 mann turns/s
SEARCH variant=beam-and-bounded-dfs victory=1 input_valid=1 enemy_hp=0 prefix=3 result_position=19 equipment_changes=2 turns=7 rng_position=301 elapsed_ms=10.4439 transitions=13205 replays=1 replay_mismatches=0
foundTurn: 3, 3
turn  sp                equip   aAct              eAct1             eAct2             aD    eD1   eD2   ahp   ehp   amp   ini   
-----------------------------------------------------------------------------------------------------------------------------
4     Psyche up         sude    Psyche up         Kabuff            Psyche up         0     0     0     102   1054  82    yes   
5     Psyche up         on      Psyche up         Psyche up         Stamp             0     0     0     102   1054  82    yes   
6     Psyche up                 Psyche up         Psyche up         Kabuff            0     0     0     102   1054  82    yes   
7     Multithrust               Multithrust                                           1164  0     0     102   1054  82    yes   

ver: v8.0.6_vK_v2, atk: 209, def: 148, seed: 0xc5a8c4e
actions: 30, 62, 33, 65598, 62, 62, 34, 
Searcher multi: Turn Consumed: 13205 (1.3205 mann), elapsed time: 10.493 ms, Performance: 125.85 mann turns/s
SEARCH variant=beam-and-bounded-dfs victory=1 input_valid=1 enemy_hp=0 prefix=4 result_position=22 equipment_changes=2 turns=8 rng_position=372 elapsed_ms=6.27833 transitions=5290 replays=2 replay_mismatches=0
foundTurn: 4, 4
turn  sp                equip   aAct              eAct1             eAct2             aD    eD1   eD2   ahp   ehp   amp   ini   
-----------------------------------------------------------------------------------------------------------------------------
5     Buff                      Buff              Stamp             Magic Barrier     0     0     0     39    1054  82    yes   
6     Psyche up                 Psyche up         Kabuff            earthquake        0     0     15    39    1054  79    yes   
7     Multithrust               Multithrust       Attack            earthquake        904   1     18    24    1054  79    yes   
8     Multithrust               Multithrust                                           160   0     0     24    150   75    yes   

ver: v8.0.6_vK_v2, atk: 209, def: 148, seed: 0x2a7519
actions: 30, 65598, 65598, 33, 30, 62, 34, 34, 
Searcher multi: Turn Consumed: 5290 (0.529 mann), elapsed time: 6.335 ms, Performance: 83.50 mann turns/s

=== Development: same-input variant comparisons ===
v1-default.log
SEARCH variant=balanced-beam-2048 victory=1 input_valid=1 prefix=1 result_position=19 equipment_changes=0 turns=7 rng_position=323 elapsed_ms=209.548 transitions=67182 replays=2 replay_mismatches=0
v2-default.log
SEARCH variant=offensive-beam-8192 victory=1 input_valid=1 prefix=1 result_position=19 equipment_changes=0 turns=7 rng_position=323 elapsed_ms=546.368 transitions=170650 replays=2 replay_mismatches=0
v3-default.log
SEARCH variant=weighted-best-first victory=1 input_valid=1 prefix=1 result_position=19 equipment_changes=0 turns=7 rng_position=323 elapsed_ms=657 transitions=1183031 replays=2 replay_mismatches=0
compare-0x104d87-v1.log
SEARCH variant=balanced-beam-2048 victory=1 input_valid=1 prefix=1 result_position=16 equipment_changes=2 turns=6 rng_position=273 elapsed_ms=153.093 transitions=48261 replays=1 replay_mismatches=0
compare-0x104d87-v2.log
SEARCH variant=offensive-beam-8192 victory=1 input_valid=1 prefix=1 result_position=16 equipment_changes=2 turns=6 rng_position=273 elapsed_ms=246.385 transitions=94486 replays=1 replay_mismatches=0
compare-0x104d87-v3.log
SEARCH variant=weighted-best-first victory=1 input_valid=1 prefix=1 result_position=16 equipment_changes=2 turns=6 rng_position=273 elapsed_ms=231.561 transitions=370835 replays=2 replay_mismatches=0
compare-0x104d87-v4.log
SEARCH variant=beam-and-bounded-dfs victory=1 input_valid=1 prefix=1 result_position=16 equipment_changes=2 turns=6 rng_position=273 elapsed_ms=55.1753 transitions=38569 replays=1 replay_mismatches=0
compare-0x2a7519-v1.log
SEARCH variant=balanced-beam-2048 victory=1 input_valid=1 prefix=1 result_position=19 equipment_changes=0 turns=7 rng_position=327 elapsed_ms=208.227 transitions=68273 replays=2 replay_mismatches=0
compare-0x2a7519-v2.log
SEARCH variant=offensive-beam-8192 victory=1 input_valid=1 prefix=1 result_position=19 equipment_changes=0 turns=7 rng_position=327 elapsed_ms=529.987 transitions=170650 replays=3 replay_mismatches=0
compare-0x2a7519-v3.log
SEARCH variant=weighted-best-first victory=1 input_valid=1 prefix=1 result_position=19 equipment_changes=0 turns=7 rng_position=327 elapsed_ms=537.143 transitions=1037557 replays=3 replay_mismatches=0
compare-0x2a7519-v4.log
SEARCH variant=beam-and-bounded-dfs victory=1 input_valid=1 prefix=1 result_position=19 equipment_changes=0 turns=7 rng_position=327 elapsed_ms=214.592 transitions=460098 replays=2 replay_mismatches=0
compare-0x315e07-v1.log
SEARCH variant=balanced-beam-2048 victory=1 input_valid=1 prefix=1 result_position=16 equipment_changes=2 turns=6 rng_position=267 elapsed_ms=146.239 transitions=49305 replays=1 replay_mismatches=0
compare-0x315e07-v2.log
SEARCH variant=offensive-beam-8192 victory=1 input_valid=1 prefix=1 result_position=16 equipment_changes=2 turns=6 rng_position=267 elapsed_ms=257.017 transitions=98974 replays=1 replay_mismatches=0
compare-0x315e07-v3.log
SEARCH variant=weighted-best-first victory=1 input_valid=1 prefix=1 result_position=16 equipment_changes=2 turns=6 rng_position=267 elapsed_ms=221.467 transitions=425829 replays=3 replay_mismatches=0
compare-0x315e07-v4.log
SEARCH variant=beam-and-bounded-dfs victory=1 input_valid=1 prefix=1 result_position=16 equipment_changes=2 turns=6 rng_position=267 elapsed_ms=50.6384 transitions=40761 replays=1 replay_mismatches=0
compare-0x3f228a-v1.log
SEARCH variant=balanced-beam-2048 victory=1 input_valid=1 prefix=1 result_position=16 equipment_changes=2 turns=6 rng_position=275 elapsed_ms=147.094 transitions=48558 replays=1 replay_mismatches=0
compare-0x3f228a-v2.log
SEARCH variant=offensive-beam-8192 victory=1 input_valid=1 prefix=1 result_position=16 equipment_changes=2 turns=6 rng_position=275 elapsed_ms=254.536 transitions=101895 replays=1 replay_mismatches=0
compare-0x3f228a-v3.log
SEARCH variant=weighted-best-first victory=1 input_valid=1 prefix=1 result_position=16 equipment_changes=2 turns=6 rng_position=275 elapsed_ms=222.655 transitions=424084 replays=2 replay_mismatches=0
compare-0x3f228a-v4.log
SEARCH variant=beam-and-bounded-dfs victory=1 input_valid=1 prefix=1 result_position=16 equipment_changes=2 turns=6 rng_position=275 elapsed_ms=52.8224 transitions=41403 replays=1 replay_mismatches=0
compare-0xdeadbe-v1.log
SEARCH variant=balanced-beam-2048 victory=1 input_valid=1 prefix=1 result_position=16 equipment_changes=0 turns=6 rng_position=270 elapsed_ms=152.943 transitions=36104 replays=3 replay_mismatches=0
compare-0xdeadbe-v2.log
SEARCH variant=offensive-beam-8192 victory=1 input_valid=1 prefix=1 result_position=16 equipment_changes=0 turns=6 rng_position=270 elapsed_ms=241.256 transitions=47560 replays=3 replay_mismatches=0
compare-0xdeadbe-v3.log
SEARCH variant=weighted-best-first victory=1 input_valid=1 prefix=1 result_position=16 equipment_changes=0 turns=6 rng_position=270 elapsed_ms=62.3376 transitions=74722 replays=4 replay_mismatches=0
compare-0xdeadbe-v4.log
SEARCH variant=beam-and-bounded-dfs victory=1 input_valid=1 prefix=1 result_position=16 equipment_changes=0 turns=6 rng_position=270 elapsed_ms=51.1559 transitions=37864 replays=3 replay_mismatches=0
prefix3-v1.log
SEARCH variant=balanced-beam-2048 victory=1 input_valid=1 prefix=3 result_position=19 equipment_changes=2 turns=7 rng_position=301 elapsed_ms=14.6755 transitions=20994 replays=1 replay_mismatches=0
prefix3-v2.log
SEARCH variant=offensive-beam-8192 victory=1 input_valid=1 prefix=3 result_position=19 equipment_changes=2 turns=7 rng_position=301 elapsed_ms=14.3138 transitions=20994 replays=1 replay_mismatches=0
prefix3-v3.log
SEARCH variant=weighted-best-first victory=1 input_valid=1 prefix=3 result_position=19 equipment_changes=2 turns=7 rng_position=301 elapsed_ms=14.9562 transitions=26518 replays=1 replay_mismatches=0
prefix3-v4.log
SEARCH variant=beam-and-bounded-dfs victory=1 input_valid=1 prefix=3 result_position=19 equipment_changes=2 turns=7 rng_position=301 elapsed_ms=10.8145 transitions=13205 replays=1 replay_mismatches=0
prefix4-v1.log
SEARCH variant=balanced-beam-2048 victory=1 input_valid=1 prefix=4 result_position=22 equipment_changes=2 turns=8 rng_position=372 elapsed_ms=5.05067 transitions=2095 replays=2 replay_mismatches=0
prefix4-v2.log
SEARCH variant=offensive-beam-8192 victory=1 input_valid=1 prefix=4 result_position=22 equipment_changes=2 turns=8 rng_position=372 elapsed_ms=5.14024 transitions=2095 replays=2 replay_mismatches=0
prefix4-v3.log
SEARCH variant=weighted-best-first victory=1 input_valid=1 prefix=4 result_position=22 equipment_changes=2 turns=8 rng_position=342 elapsed_ms=1.97138 transitions=2758 replays=2 replay_mismatches=0
prefix4-v4.log
SEARCH variant=beam-and-bounded-dfs victory=1 input_valid=1 prefix=4 result_position=22 equipment_changes=2 turns=8 rng_position=372 elapsed_ms=7.16137 transitions=5290 replays=2 replay_mismatches=0
